2016-09-16 10:05:10,893 INFO  [MainThread] - Log4JLogger.initLoggingSystem() - Created a ConsoleAppender.
2016-09-16 10:05:10,908 INFO  [MainThread] - Log4JLogger.initLoggingSystem() - Configured logging based on APAMA_LOG system properties.
2016-09-16 10:05:10,908 INFO  [MainThread] - Log4JLogger.initLoggingSystem() - Default log level will be: WARN
Press any key to stop ...2016-09-16 10:05:11,788 WARN  [Apama.ScenarioService.DiscoveryThread_1] - ScenarioService.handleReconnection() - Not sending initial Scenario Service com.apama.scenario.RequestScenarios event, because the event type is not loaded yet
Scenario definition DV_StationAlert is loaded
Discovery is complete
ADDED:    id=1, ratio=0.09, type=LOWER_BOUNDARY
UPDATED:  id=1, ratio=0.09, type=LOWER_BOUNDARY
ADDED:    id=2, ratio=0.91, type=UPPER_BOUNDARY
UPDATED:  id=2, ratio=0.91, type=UPPER_BOUNDARY
REMOVED:  id=2, ratio=0.91, type=UPPER_BOUNDARY
REMOVED:  id=1, ratio=0.09, type=LOWER_BOUNDARY
2016-09-16 10:05:24,914 ERROR [Apama messaging connection pool-1-thread-5 - HandleRequest: id=16, name= disconnectSender] - EngineClientBean$Consumer$ConsumerEventConsumer.disconnect() - (uniqueName: "EventService1.channel3") Disconnected by the engine: Other party requested disconnection
2016-09-16 10:05:24,914 ERROR [Apama messaging connection pool-1-thread-5 - HandleRequest: id=16, name= disconnectSender] - EngineClientBean$Consumer$ConsumerEventConsumer.disconnect() - (uniqueName: "EventService1.channel4") Disconnected by the engine: Other party requested disconnection
2016-09-16 10:05:24,914 ERROR [Apama messaging connection pool-1-thread-5 - HandleRequest: id=16, name= disconnectSender] - EngineClientBean$Consumer$ConsumerEventConsumer.disconnect() - (uniqueName: "EventService1.channel1") Disconnected by the engine: Other party requested disconnection
