2016-09-16 10:02:43,208 INFO  [MainThread] - Log4JLogger.initLoggingSystem() - Created a ConsoleAppender.
2016-09-16 10:02:43,208 INFO  [MainThread] - Log4JLogger.initLoggingSystem() - Configured logging based on APAMA_LOG system properties.
2016-09-16 10:02:43,208 INFO  [MainThread] - Log4JLogger.initLoggingSystem() - Default log level will be: WARN
Press any key to stop ...2016-09-16 10:02:44,532 WARN  [Apama.ScenarioService.DiscoveryThread_1] - ScenarioService.handleReconnection() - Not sending initial Scenario Service com.apama.scenario.RequestScenarios event, because the event type is not loaded yet
Discovery is complete
Scenario definition DV_StationAlert is loaded
ADDED:    id=1, ratio=0.09, type=LOWER_BOUNDARY
UPDATED:  id=1, ratio=0.09, type=LOWER_BOUNDARY
ADDED:    id=2, ratio=0.91, type=UPPER_BOUNDARY
UPDATED:  id=2, ratio=0.91, type=UPPER_BOUNDARY
2016-09-16 10:03:03,146 ERROR [Apama messaging connection pool-1-thread-5 - HandleRequest: id=24, name= disconnectSender] - EngineClientBean$Consumer$ConsumerEventConsumer.disconnect() - (uniqueName: "EventService1.channel3") Disconnected by the engine: Other party requested disconnection
2016-09-16 10:03:03,146 ERROR [Apama messaging connection pool-1-thread-5 - HandleRequest: id=24, name= disconnectSender] - EngineClientBean$Consumer$ConsumerEventConsumer.disconnect() - (uniqueName: "EventService1.channel4") Disconnected by the engine: Other party requested disconnection
2016-09-16 10:03:03,146 ERROR [Apama messaging connection pool-1-thread-5 - HandleRequest: id=24, name= disconnectSender] - EngineClientBean$Consumer$ConsumerEventConsumer.disconnect() - (uniqueName: "EventService1.channel1") Disconnected by the engine: Other party requested disconnection
